phi {'phi': 25, 'critic': 0, 'actor': 0, 'polyak': 0}
phi {'phi': 50, 'critic': 0, 'actor': 0, 'polyak': 0}
phi {'phi': 75, 'critic': 0, 'actor': 0, 'polyak': 0}
phi {'phi': 100, 'critic': 0, 'actor': 0, 'polyak': 0}
phi {'phi': 125, 'critic': 0, 'actor': 0, 'polyak': 0}
phi {'phi': 150, 'critic': 0, 'actor': 0, 'polyak': 0}
phi {'phi': 175, 'critic': 0, 'actor': 0, 'polyak': 0}
phi {'phi': 200, 'critic': 0, 'actor': 0, 'polyak': 0}
phi {'phi': 225, 'critic': 0, 'actor': 0, 'polyak': 0}
phi {'phi': 250, 'critic': 0, 'actor': 0, 'polyak': 0}
phi {'phi': 275, 'critic': 0, 'actor': 0, 'polyak': 0}
phi {'phi': 300, 'critic': 0, 'actor': 0, 'polyak': 0}
phi {'phi': 325, 'critic': 0, 'actor': 0, 'polyak': 0}
phi {'phi': 350, 'critic': 0, 'actor': 0, 'polyak': 0}
phi {'phi': 375, 'critic': 0, 'actor': 0, 'polyak': 0}
phi {'phi': 400, 'critic': 0, 'actor': 0, 'polyak': 0}
phi {'phi': 425, 'critic': 0, 'actor': 0, 'polyak': 0}
phi {'phi': 450, 'critic': 0, 'actor': 0, 'polyak': 0}
phi {'phi': 475, 'critic': 0, 'actor': 0, 'polyak': 0}
phi {'phi': 500, 'critic': 0, 'actor': 0, 'polyak': 0}
phi {'phi': 525, 'critic': 0, 'actor': 0, 'polyak': 0}
phi {'phi': 550, 'critic': 0, 'actor': 0, 'polyak': 0}
phi {'phi': 575, 'critic': 0, 'actor': 0, 'polyak': 0}
phi {'phi': 600, 'critic': 0, 'actor': 0, 'polyak': 0}
phi {'phi': 625, 'critic': 0, 'actor': 0, 'polyak': 0}
phi {'phi': 650, 'critic': 0, 'actor': 0, 'polyak': 0}
phi {'phi': 675, 'critic': 0, 'actor': 0, 'polyak': 0}
phi {'phi': 700, 'critic': 0, 'actor': 0, 'polyak': 0}
phi {'phi': 725, 'critic': 0, 'actor': 0, 'polyak': 0}
phi {'phi': 750, 'critic': 0, 'actor': 0, 'polyak': 0}
phi {'phi': 775, 'critic': 0, 'actor': 0, 'polyak': 0}
phi {'phi': 800, 'critic': 0, 'actor': 0, 'polyak': 0}
phi {'phi': 825, 'critic': 0, 'actor': 0, 'polyak': 0}
phi {'phi': 850, 'critic': 0, 'actor': 0, 'polyak': 0}
phi {'phi': 875, 'critic': 0, 'actor': 0, 'polyak': 0}
phi {'phi': 900, 'critic': 0, 'actor': 0, 'polyak': 0}
phi {'phi': 925, 'critic': 0, 'actor': 0, 'polyak': 0}
phi {'phi': 950, 'critic': 0, 'actor': 0, 'polyak': 0}
phi {'phi': 975, 'critic': 0, 'actor': 0, 'polyak': 0}
critic {'phi': 1000, 'critic': 0, 'actor': 0, 'polyak': 0}
critic {'phi': 1000, 'critic': 25, 'actor': 0, 'polyak': 12}
critic {'phi': 1000, 'critic': 50, 'actor': 0, 'polyak': 25}
critic {'phi': 1000, 'critic': 75, 'actor': 0, 'polyak': 37}
critic {'phi': 1000, 'critic': 100, 'actor': 0, 'polyak': 50}
critic {'phi': 1000, 'critic': 125, 'actor': 0, 'polyak': 62}
critic {'phi': 1000, 'critic': 150, 'actor': 0, 'polyak': 75}
critic {'phi': 1000, 'critic': 175, 'actor': 0, 'polyak': 87}
critic {'phi': 1000, 'critic': 200, 'actor': 0, 'polyak': 100}
critic {'phi': 1000, 'critic': 225, 'actor': 0, 'polyak': 112}
diagnostics {'phi': 1000, 'critic': 250, 'actor': 0, 'polyak': 125}
actor {'phi': 1000, 'critic': 250, 'actor': 0, 'polyak': 125}
done {'phi': 1000, 'critic': 250, 'actor': 10, 'polyak': 125}
completed
